// Jest Snapshot v1, https://goo.gl/fbAQLP

exports[`Storyshots Sample Library Sample Widget 1`] = `
<div
  style={
    Object {
      "textAlign": "center",
    }
  }
>
  <div>
    <h1>
      Hello 
      Owen
       
      30
    </h1>
  </div>
</div>
`;
